// Jest Snapshot v1, https://goo.gl/fbAQLP

exports[`KinetixV3Factory #createPool gas 1`] = `4557092`;

exports[`KinetixV3Factory factory bytecode size 1`] = `24535`;

exports[`KinetixV3Factory pool bytecode size 1`] = `22142`;
